(ARCTools Version 2.0.2)
 HexLoc     DecLoc    MachWord   Label        Instruction                Comment
                                              .org 2048                  ! start addresses at 2048
00000800  0000002048  c4002bb8  main:         ld [3000], %r2             ! load x into register two
00000804  0000002052  80a06004  top:          subcc %r1, 4, %r0          ! subtract register one and 4, and load it into register zero
00000808  0000002056  02800004                be 4                       ! branch if condition is zero, to the done statement
0000080c  0000002060  8530a001                srl %r2, 1, %r2            ! shift right register two by 1 bit, and load it into register two
00000810  0000002064  82806001                addcc %r1, 1, %r1          ! add register one and 1, and load it into register one
00000814  0000002068  10bffffc                ba -4                      ! branch unconditionally to the top statement
00000818  0000002072  c6202bbc  done:         st %r3, [3004]             ! store contents of register three to y
0000081c  0000002076  81c3e004                jmpl %r15, 4, %r0          ! jump register 15 + 4 bytes
                                              .org 3000                  ! set the addresses after this point to 3000
00000bb8  0000003000  00000320  x:                                       ! assign 800 to variable x
00000bbc  0000003004  00000000  y:                                       ! assign 0 to variable y

--- Symbol Table ---
x: 3000
main: 2048
done: 2072
top: 2052
y: 3004
