(ARCTools Version 2.0.2)
 HexLoc     DecLoc    MachWord   Label        Instruction                Comment
                                              .equ 0x3fffc0              !Starting point of the memory mapped region
                                              .equ 0x0                   !0xffff0000 Console Data Port
                                              .equ 0x4                   !0xffff0004 Console Status Port.
                                              .equ 0x8                   !0xffff0008 Keyboard Data Port
                                              .equ 0xc                   !0xffff000c Keyboard Control Port
                                                                         
                                              .org 2048                  
00000800  0000002048  88000000                add %r0, %r0, %r4          !Clear r4
00000804  0000002052  093fffc0                sethi 4194240, %r4         
                                                                         
00000808  0000002056  c201200c  InWait:       ld %r4, [12], %r1          
0000080c  0000002060  82886080                andcc %r1, 128, %r1        
00000810  0000002064  02bffffe                be -2                      
                                                                         
00000814  0000002068  c6012008                ld %r4, [8], %r3           
00000818  0000002072  8aa0e01b                subcc %r3, 27, %r5         ! 27 is Escape
0000081c  0000002076  02800006                be 6                       ! stop if it is.
                                                                         
00000820  0000002080  c2012004  Wait:         ld %r4, [4], %r1           
00000824  0000002084  82886080                andcc %r1, 128, %r1        
00000828  0000002088  02bffffe                be -2                      
0000082c  0000002092  c6212000                st %r3, %r4, [0]           
00000830  0000002096  10bffff6                ba -10                     
                                                                         
00000834  0000002100  ffffffff  End:          halt                       

--- Symbol Table ---
InWait: 2056
BASE: 4194240
Wait: 2080
CICTL: 12
End: 2100
CIN: 8
COUT: 0
COSTAT: 4
