(ARCTools Version 2.0.2)
 HexLoc     DecLoc    MachWord   Label        Instruction                Comment
                                              .equ 9000                  
                                              .org 3000                  
00000bb8  0000003000  00000014  length:                                  
00000bbc  0000003004  00002328  address:                                 
                                                                         
                                              .org 1000                  
000003e8  0000001000  00000019  a:                                       
                                                                         
                                              .org 2048                  
                                                                         
00000800  0000002048  c2002bb8                ld [3000], %g1             
00000804  0000002052  c4002bbc                ld [3004], %g2             
00000808  0000002056  c60023e8                ld [1000], %g3             
                                                                         
0000080c  0000002060  8808c000                and %g3, %r0, %r4          
00000810  0000002064  8a20c001                sub %g3, %r1, %r5          
00000814  0000002068  80084001                and %r1, %r1, %r0          
00000818  0000002072  8e007ffc                add %r1, -4, %r7           
0000081c  0000002076  8c004002                add %r1, %r2, %r6          
00000820  0000002080  90104002                or %r1, %r2, %i8           
00000824  0000002084  8c218002                sub %r6, %r2, %r6          
00000828  0000002088  8e03e004                add %r15, 4, %i7           
0000082c  0000002092  ffffffff                halt                       
                                                                         

--- Symbol Table ---
a: 1000
address: 3004
a_start: 9000
length: 3000
